ogre starts with the letter 'O', Mr. Smarty Pants
oatmeal starts with the letter 'O', Mr. Smarty Pants
ogre starts with the letter 'O', beautiful
oatmeal starts with the letter 'O', beautiful
