foobar barquuxquux

foobar fooquuxquux

foobar barbazquux

foobar foobazquux

foobar barquuxbaz

foobar fooquuxbaz

foobar barbazbaz

foobar foobazbaz

