i like thing and blah and fooiei like thing and blah and fooiei like thing and blah and fooiei like thing and blah and fooiei like thing and blah and fooiei like thing and blah and fooiei like thing and blah and fooiei like thing and blah and fooiei like thing and blah and fooiei like thing and blah and fooiei like thing and blah and fooiei like thing and blah and fooiei like thing and blah and fooiei like thing and blah and fooiei like thing and blah and fooiei like thing and blah and fooiei like thing and blah and fooiei like thing and blah and fooiei like thing and blah and fooiei like thing and blah and fooie

