aabbbcddddde
aabbcddddde
aabbbddddde
aabbddddde
aabbbcdddde
aabbcdddde
aabbbdddde
aabbdddde
aabbbcddde
aabbcddde
aabbbddde
aabbddde
aabbbcdde
aabbcdde
aabbbdde
aabbdde
aabbbcde
aabbcde
aabbbde
aabbde
aabbbce
aabbce
aabbbe
aabbe
